killed stale git processes (if any)
credential OK for: hasonae
push: Enumerating objects: 94, done.
push: Counting objects:   1% (1/94)
push: Counting objects:   2% (2/94)
push: Counting objects:   3% (3/94)
push: Counting objects:   4% (4/94)
push: Counting objects:   5% (5/94)
push: Counting objects:   6% (6/94)
push: Counting objects:   7% (7/94)
push: Counting objects:   8% (8/94)
push: Counting objects:   9% (9/94)
push: Counting objects:  10% (10/94)
push: Counting objects:  11% (11/94)
push: Counting objects:  12% (12/94)
push: Counting objects:  13% (13/94)
push: Counting objects:  14% (14/94)
push: Counting objects:  15% (15/94)
push: Counting objects:  17% (16/94)
push: Counting objects:  18% (17/94)
push: Counting objects:  19% (18/94)
push: Counting objects:  20% (19/94)
push: Counting objects:  21% (20/94)
push: Counting objects:  22% (21/94)
push: Counting objects:  23% (22/94)
push: Counting objects:  24% (23/94)
push: Counting objects:  25% (24/94)
push: Counting objects:  26% (25/94)
push: Counting objects:  27% (26/94)
push: Counting objects:  28% (27/94)
push: Counting objects:  29% (28/94)
push: Counting objects:  30% (29/94)
push: Counting objects:  31% (30/94)
push: Counting objects:  32% (31/94)
push: Counting objects:  34% (32/94)
push: Counting objects:  35% (33/94)
push: Counting objects:  36% (34/94)
push: Counting objects:  37% (35/94)
push: Counting objects:  38% (36/94)
push: Counting objects:  39% (37/94)
push: Counting objects:  40% (38/94)
push: Counting objects:  41% (39/94)
push: Counting objects:  42% (40/94)
push: Counting objects:  43% (41/94)
push: Counting objects:  44% (42/94)
push: Counting objects:  45% (43/94)
push: Counting objects:  46% (44/94)
push: Counting objects:  47% (45/94)
push: Counting objects:  48% (46/94)
push: Counting objects:  50% (47/94)
push: Counting objects:  51% (48/94)
push: Counting objects:  52% (49/94)
push: Counting objects:  53% (50/94)
push: Counting objects:  54% (51/94)
push: Counting objects:  55% (52/94)
push: Counting objects:  56% (53/94)
push: Counting objects:  57% (54/94)
push: Counting objects:  58% (55/94)
push: Counting objects:  59% (56/94)
push: Counting objects:  60% (57/94)
push: Counting objects:  61% (58/94)
push: Counting objects:  62% (59/94)
push: Counting objects:  63% (60/94)
push: Counting objects:  64% (61/94)
push: Counting objects:  65% (62/94)
push: Counting objects:  67% (63/94)
push: Counting objects:  68% (64/94)
push: Counting objects:  69% (65/94)
push: Counting objects:  70% (66/94)
push: Counting objects:  71% (67/94)
push: Counting objects:  72% (68/94)
push: Counting objects:  73% (69/94)
push: Counting objects:  74% (70/94)
push: Counting objects:  75% (71/94)
push: Counting objects:  76% (72/94)
push: Counting objects:  77% (73/94)
push: Counting objects:  78% (74/94)
push: Counting objects:  79% (75/94)
push: Counting objects:  80% (76/94)
push: Counting objects:  81% (77/94)
push: Counting objects:  82% (78/94)
push: Counting objects:  84% (79/94)
push: Counting objects:  85% (80/94)
push: Counting objects:  86% (81/94)
push: Counting objects:  87% (82/94)
push: Counting objects:  88% (83/94)
push: Counting objects:  89% (84/94)
push: Counting objects:  90% (85/94)
push: Counting objects:  91% (86/94)
push: Counting objects:  92% (87/94)
push: Counting objects:  93% (88/94)
push: Counting objects:  94% (89/94)
push: Counting objects:  95% (90/94)
push: Counting objects:  96% (91/94)
push: Counting objects:  97% (92/94)
push: Counting objects:  98% (93/94)
push: Counting objects: 100% (94/94)
push: Counting objects: 100% (94/94), done.
push: Delta compression using up to 4 threads
push: Compressing objects:   1% (1/83)
push: Compressing objects:   2% (2/83)
push: Compressing objects:   3% (3/83)
push: Compressing objects:   4% (4/83)
push: Compressing objects:   6% (5/83)
push: Compressing objects:   7% (6/83)
push: Compressing objects:   8% (7/83)
push: Compressing objects:   9% (8/83)
push: Compressing objects:  10% (9/83)
push: Compressing objects:  12% (10/83)
push: Compressing objects:  13% (11/83)
push: Compressing objects:  14% (12/83)
push: Compressing objects:  15% (13/83)
push: Compressing objects:  16% (14/83)
push: Compressing objects:  18% (15/83)
push: Compressing objects:  19% (16/83)
push: Compressing objects:  20% (17/83)
push: Compressing objects:  21% (18/83)
push: Compressing objects:  22% (19/83)
push: Compressing objects:  24% (20/83)
push: Compressing objects:  25% (21/83)
push: Compressing objects:  26% (22/83)
push: Compressing objects:  27% (23/83)
push: Compressing objects:  28% (24/83)
push: Compressing objects:  30% (25/83)
push: Compressing objects:  31% (26/83)
push: Compressing objects:  32% (27/83)
push: Compressing objects:  33% (28/83)
push: Compressing objects:  34% (29/83)
push: Compressing objects:  36% (30/83)
push: Compressing objects:  37% (31/83)
push: Compressing objects:  38% (32/83)
push: Compressing objects:  39% (33/83)
push: Compressing objects:  40% (34/83)
push: Compressing objects:  42% (35/83)
push: Compressing objects:  43% (36/83)
push: Compressing objects:  44% (37/83)
push: Compressing objects:  45% (38/83)
push: Compressing objects:  46% (39/83)
push: Compressing objects:  48% (40/83)
push: Compressing objects:  49% (41/83)
push: Compressing objects:  50% (42/83)
push: Compressing objects:  51% (43/83)
push: Compressing objects:  53% (44/83)
push: Compressing objects:  54% (45/83)
push: Compressing objects:  55% (46/83)
push: Compressing objects:  56% (47/83)
push: Compressing objects:  57% (48/83)
push: Compressing objects:  59% (49/83)
push: Compressing objects:  60% (50/83)
push: Compressing objects:  61% (51/83)
push: Compressing objects:  62% (52/83)
push: Compressing objects:  63% (53/83)
push: Compressing objects:  65% (54/83)
push: Compressing objects:  66% (55/83)
push: Compressing objects:  67% (56/83)
push: Compressing objects:  68% (57/83)
push: Compressing objects:  69% (58/83)
push: Compressing objects:  71% (59/83)
push: Compressing objects:  72% (60/83)
push: Compressing objects:  73% (61/83)
push: Compressing objects:  74% (62/83)
push: Compressing objects:  75% (63/83)
push: Compressing objects:  77% (64/83)
push: Compressing objects:  78% (65/83)
push: Compressing objects:  79% (66/83)
push: Compressing objects:  80% (67/83)
push: Compressing objects:  81% (68/83)
push: Compressing objects:  83% (69/83)
push: Compressing objects:  84% (70/83)
push: Compressing objects:  85% (71/83)
push: Compressing objects:  86% (72/83)
push: Compressing objects:  87% (73/83)
push: Compressing objects:  89% (74/83)
push: Compressing objects:  90% (75/83)
push: Compressing objects:  91% (76/83)
push: Compressing objects:  92% (77/83)
push: Compressing objects:  93% (78/83)
push: Compressing objects:  95% (79/83)
push: Compressing objects:  96% (80/83)
push: Compressing objects:  97% (81/83)
push: Compressing objects:  98% (82/83)
push: Compressing objects: 100% (83/83)
push: Compressing objects: 100% (83/83), done.
push: Writing objects:   1% (1/94)
push: Writing objects:   2% (2/94)
push: Writing objects:   3% (3/94)
push: Writing objects:   4% (4/94)
push: Writing objects:   5% (5/94)
push: Writing objects:   6% (6/94)
push: Writing objects:   7% (7/94)
push: Writing objects:   8% (8/94)
push: Writing objects:   9% (9/94)
push: Writing objects:  10% (10/94)
push: Writing objects:  11% (11/94)
push: Writing objects:  12% (12/94)
push: Writing objects:  13% (13/94)
push: Writing objects:  14% (14/94)
push: Writing objects:  17% (16/94)
push: Writing objects:  18% (17/94)
push: Writing objects:  19% (18/94)
push: Writing objects:  20% (19/94)
push: Writing objects:  21% (20/94)
push: Writing objects:  22% (21/94)
push: Writing objects:  23% (22/94)
push: Writing objects:  24% (23/94)
push: Writing objects:  25% (24/94)
push: Writing objects:  26% (25/94)
push: Writing objects:  27% (26/94)
push: Writing objects:  28% (27/94)
push: Writing objects:  29% (28/94)
push: Writing objects:  30% (29/94)
push: Writing objects:  31% (30/94)
push: Writing objects:  32% (31/94)
push: Writing objects:  34% (32/94)
push: Writing objects:  35% (33/94)
push: Writing objects:  36% (34/94)
push: Writing objects:  37% (35/94)
push: Writing objects:  38% (36/94)
push: Writing objects:  39% (37/94)
push: Writing objects:  40% (38/94)
push: Writing objects:  41% (39/94)
push: Writing objects:  42% (40/94)
push: Writing objects:  43% (41/94)
push: Writing objects:  44% (42/94)
push: Writing objects:  45% (43/94)
push: Writing objects:  46% (44/94)
push: Writing objects:  47% (45/94)
push: Writing objects:  51% (48/94)
push: Writing objects:  52% (49/94)
push: Writing objects:  53% (50/94)
push: Writing objects:  54% (51/94)
push: Writing objects:  55% (52/94)
push: Writing objects:  56% (53/94)
push: Writing objects:  57% (54/94)
push: Writing objects:  58% (55/94)
push: Writing objects:  59% (56/94)
push: Writing objects:  60% (57/94)
push: Writing objects:  61% (58/94)
push: Writing objects:  62% (59/94)
push: Writing objects:  63% (60/94)
push: Writing objects:  64% (61/94)
push: Writing objects:  65% (62/94)
push: Writing objects:  67% (63/94)
push: Writing objects:  68% (64/94)
push: Writing objects:  69% (65/94)
push: Writing objects:  70% (66/94)
push: Writing objects:  71% (67/94)
push: Writing objects:  72% (68/94)
push: Writing objects:  73% (69/94)
push: Writing objects:  74% (70/94)
push: Writing objects:  75% (71/94)
push: Writing objects:  76% (72/94)
push: Writing objects:  77% (73/94)
push: Writing objects:  78% (74/94)
push: Writing objects:  79% (75/94)
push: Writing objects:  80% (76/94)
push: Writing objects:  81% (77/94)
push: Writing objects:  82% (78/94)
push: Writing objects:  84% (79/94)
push: Writing objects:  85% (80/94)
push: Writing objects:  86% (81/94)
push: Writing objects:  87% (82/94)
push: Writing objects:  88% (83/94)
push: Writing objects:  89% (84/94)
push: Writing objects:  90% (85/94)
push: Writing objects:  91% (86/94)
push: Writing objects:  92% (87/94)
push: Writing objects:  93% (88/94)
push: Writing objects:  94% (89/94)
push: Writing objects:  95% (90/94)
push: Writing objects:  96% (91/94)
push: Writing objects:  97% (92/94)
push: Writing objects:  98% (93/94)
push: Writing objects: 100% (94/94)
push: Writing objects: 100% (94/94), 1.05 MiB | 3.27 MiB/s, done.
push: Total 94 (delta 8), reused 0 (delta 0), pack-reused 0 (from 0)
push: remote: Resolving deltas:   0% (0/8)        
push: remote: Resolving deltas:  12% (1/8)        
push: remote: Resolving deltas:  25% (2/8)        
push: remote: Resolving deltas:  37% (3/8)        
push: remote: Resolving deltas:  50% (4/8)        
push: remote: Resolving deltas:  62% (5/8)        
push: remote: Resolving deltas:  75% (6/8)        
push: remote: Resolving deltas:  87% (7/8)        
push: remote: Resolving deltas: 100% (8/8)        
push: remote: Resolving deltas: 100% (8/8), done.        
push: To https://github.com/hasonae/qitars-dashboard.git
push:  * [new branch]      main -> main
PUSH SUCCESS
